time="2026-02-06T22:38:29Z" level=info msg="HTTPS enabled!"
time="2026-02-06T22:38:29Z" level=info msg="Initializing transformations configuration"
time="2026-02-06T22:38:29Z" level=info msg="Transformations configuration initialization completed"
time="2026-02-06T22:38:29Z" level=info msg="Initializing client identifier endpoint"
time="2026-02-06T22:38:29Z" level=info msg="Client identifier endpoint initialization completed"
time="2026-02-06T22:38:29Z" level=info msg="Server listening" port=5000
time="2026-02-06T22:38:31Z" level=warning msg="ingress-uma not reachable" error="Get \"http://ingress-uma.aggregator-platform.svc.cluster.local:8080/healthz\": dial tcp 10.96.103.234:8080: connect: connection refused"
time="2026-02-06T22:38:48Z" level=debug msg="Incoming request" agent=node method=POST path=/registration query= remote="10.244.0.10:39556"
time="2026-02-06T22:38:48Z" level=debug msg="Received device code start request: AggregatorID=, AuthorizationServer=http://localhost:4000/uma"
time="2026-02-06T22:38:48Z" level=debug msg="Rewrote localhost request to host.docker.internal" component=local_redirect_transport method=GET original_host="localhost:8280" rewritten_host="host.docker.internal:8280" url="http://localhost:8280/realms/quarkus/.well-known/openid-configuration"
time="2026-02-06T22:38:48Z" level=debug msg="HTTP round trip completed" component=local_redirect_transport method=GET status_code=200 target_host="host.docker.internal:8280" url="http://localhost:8280/realms/quarkus/.well-known/openid-configuration"
time="2026-02-06T22:38:48Z" level=debug msg="OIDC Device Authorization Endpoint: http://localhost:8280/realms/quarkus/protocol/openid-connect/auth/device"
time="2026-02-06T22:38:48Z" level=debug msg="Rewrote localhost request to host.docker.internal" component=local_redirect_transport method=POST original_host="localhost:8280" rewritten_host="host.docker.internal:8280" url="http://localhost:8280/realms/quarkus/protocol/openid-connect/auth/device"
time="2026-02-06T22:38:48Z" level=debug msg="HTTP round trip completed" component=local_redirect_transport method=POST status_code=200 target_host="host.docker.internal:8280" url="http://localhost:8280/realms/quarkus/protocol/openid-connect/auth/device"
time="2026-02-06T22:38:48Z" level=debug msg="Received device code response: DeviceCode=9O-2mYuN_pqndnHvZ3MgWnd_imF5tusVG7WWZYcHVIs, UserCode=PFTM-OQMS, VerificationURI=http://localhost:8280/realms/quarkus/device, ExpiresIn=600, Interval=5"
time="2026-02-06T22:38:48Z" level=debug msg="Stored device session for DeviceCode=9O-2mYuN_pqndnHvZ3MgWnd_imF5tusVG7WWZYcHVIs"
time="2026-02-06T22:38:48Z" level=debug msg="Sent device code start response for DeviceCode=9O-2mYuN_pqndnHvZ3MgWnd_imF5tusVG7WWZYcHVIs"
time="2026-02-06T22:40:19Z" level=debug msg="Incoming request" agent=node method=POST path=/registration query= remote="10.244.0.10:34816"
time="2026-02-06T22:40:19Z" level=debug msg="Starting device code flow finish: DeviceCode=9O-2mYuN_pqndnHvZ3MgWnd_imF5tusVG7WWZYcHVIs, AggregatorID=, AuthorizationServer="
time="2026-02-06T22:40:19Z" level=debug msg="Rewrote localhost request to host.docker.internal" component=local_redirect_transport method=GET original_host="localhost:8280" rewritten_host="host.docker.internal:8280" url="http://localhost:8280/realms/quarkus/.well-known/openid-configuration"
time="2026-02-06T22:40:19Z" level=debug msg="HTTP round trip completed" component=local_redirect_transport method=GET status_code=200 target_host="host.docker.internal:8280" url="http://localhost:8280/realms/quarkus/.well-known/openid-configuration"
time="2026-02-06T22:40:19Z" level=debug msg="Using token endpoint: http://localhost:8280/realms/quarkus/protocol/openid-connect/token"
time="2026-02-06T22:40:19Z" level=debug msg="Rewrote localhost request to host.docker.internal" component=local_redirect_transport method=POST original_host="localhost:8280" rewritten_host="host.docker.internal:8280" url="http://localhost:8280/realms/quarkus/protocol/openid-connect/token"
time="2026-02-06T22:40:19Z" level=debug msg="HTTP round trip completed" component=local_redirect_transport method=POST status_code=200 target_host="host.docker.internal:8280" url="http://localhost:8280/realms/quarkus/protocol/openid-connect/token"
time="2026-02-06T22:40:19Z" level=info msg="Successfully received access token for DeviceCode=9O-2mYuN_pqndnHvZ3MgWnd_imF5tusVG7WWZYcHVIs"
time="2026-02-06T22:40:19Z" level=debug msg="Starting token validation" token=eyJhbGciOiJSUzI1NiIsInR5cCIgOiAiSldUIiwia2lkIiA6ICJ3NFF6SkhUcExwNFBxQzFDZklOLU9sSVhHLXk5N09kQTJhSk1XSHBuM2o4In0.eyJleHAiOjE3NzA0MTc5MTksImlhdCI6MTc3MDQxNzYxOSwiYXV0aF90aW1lIjoxNzcwNDE3NjExLCJqdGkiOiJvZnJ0ZGc6N2IyYjYyY2MtYmRjNi02MGVkLWU4MjAtNjE2MTc4OTAxOTVmIiwiaXNzIjoiaHR0cDovL2xvY2FsaG9zdDo4MjgwL3JlYWxtcy9xdWFya3VzIiwiYXVkIjoiYWNjb3VudCIsInN1YiI6ImVkMzUwZTc0LTY1YjQtNGRlOS1iZDFiLTdmZTA3NmI2MTMwOSIsInR5cCI6IkJlYXJlciIsImF6cCI6ImFnZ3JlZ2F0b3Itc2VydmVyIiwic2lkIjoiYzJlZDhjNjYtNGZkNi00ZmVmLTkzZDgtNTI2MDgzZWUyODJkIiwiYWNyIjoiMSIsImFsbG93ZWQtb3JpZ2lucyI6WyIvKiJdLCJyZWFsbV9hY2Nlc3MiOnsicm9sZXMiOlsib2ZmbGluZV9hY2Nlc3MiLCJkZWZhdWx0LXJvbGVzLXF1YXJrdXMiLCJ1bWFfYXV0aG9yaXphdGlvbiJdfSwicmVzb3VyY2VfYWNjZXNzIjp7ImFjY291bnQiOnsicm9sZXMiOlsibWFuYWdlLWFjY291bnQiLCJtYW5hZ2UtYWNjb3VudC1saW5rcyIsInZpZXctcHJvZmlsZSJdfX0sInNjb3BlIjoib3BlbmlkIG9mZmxpbmVfYWNjZXNzIHByb2ZpbGUgZW1haWwiLCJlbWFpbF92ZXJpZmllZCI6ZmFsc2UsIm5hbWUiOiJhbGljZSBkb2UiLCJwcmVmZXJyZWRfdXNlcm5hbWUiOiJhbGljZSIsImdpdmVuX25hbWUiOiJhbGljZSIsImZhbWlseV9uYW1lIjoiZG9lIiwiZW1haWwiOiJhbGljZUBleGFtcGxlLmNvbSJ9.PeGonOO3wvosyKmzINe6wICXDpPLa5UmONU17YkOT-_GxyGH3whNmKcFxeoIA6LOEEo2FDrk_Tb0b2nIYFHnDxRuYpfOPyojo7i9pvx9eckXuc-M51zGwCijix_5Jk0NPERr7GQDmCx3D-k7JZre72CTwnKYSYEaKuz0Mw1S07y5AUPtITqis98aeRN0kNJUfc-LNJhacXXrh-NrvxTWd6iFmaveZsYCp64Fk6qYnXib8ll3wXDVsdfm-jKs-_pNjKqv7LakxRJNkz2OKpNzGtZQ-mwFDtkbmzYVEMdatdFBdNCWfdHGQdSDCzehaytP_LpCMmfkhL50LS0utV_2QQ
time="2026-02-06T22:40:19Z" level=debug msg="Token issuer: http://localhost:8280/realms/quarkus"
time="2026-02-06T22:40:19Z" level=debug msg="Rewrote localhost request to host.docker.internal" component=local_redirect_transport method=GET original_host="localhost:8280" rewritten_host="host.docker.internal:8280" url="http://localhost:8280/realms/quarkus/.well-known/openid-configuration"
time="2026-02-06T22:40:19Z" level=debug msg="HTTP round trip completed" component=local_redirect_transport method=GET status_code=200 target_host="host.docker.internal:8280" url="http://localhost:8280/realms/quarkus/.well-known/openid-configuration"
time="2026-02-06T22:40:19Z" level=debug msg="Discovered JWKS URL: http://localhost:8280/realms/quarkus/protocol/openid-connect/certs"
time="2026-02-06T22:40:19Z" level=debug msg="Rewrote localhost request to host.docker.internal" component=local_redirect_transport method=GET original_host="localhost:8280" rewritten_host="host.docker.internal:8280" url="http://localhost:8280/realms/quarkus/protocol/openid-connect/certs"
time="2026-02-06T22:40:19Z" level=debug msg="HTTP round trip completed" component=local_redirect_transport method=GET status_code=200 target_host="host.docker.internal:8280" url="http://localhost:8280/realms/quarkus/protocol/openid-connect/certs"
time="2026-02-06T22:40:19Z" level=debug msg="Token signature verified"
time="2026-02-06T22:40:19Z" level=debug msg="Token validation passed, user ID: ed350e74-65b4-4de9-bd1b-7fe076b61309"
time="2026-02-06T22:40:19Z" level=debug msg="Token validated successfully for user: ed350e74-65b4-4de9-bd1b-7fe076b61309"
time="2026-02-06T22:40:19Z" level=debug msg="HTTP round trip completed" component=local_redirect_transport method=POST status_code=200 target_host="ingress-uma.aggregator-platform.svc.cluster.local:8080" url="http://ingress-uma.aggregator-platform.svc.cluster.local:8080/register"
time="2026-02-06T22:40:19Z" level=info msg="Aggregator registered successfully as RS"
time="2026-02-06T22:40:19Z" level=info msg="Egress UMA deployment created for a8bf18b8-98b7-45e0-9e3e-0445b6d08cd4 ✅"
time="2026-02-06T22:40:19Z" level=info msg="Egress UMA service created for a8bf18b8-98b7-45e0-9e3e-0445b6d08cd4 ✅"
time="2026-02-06T22:40:19Z" level=info msg="Egress deployed for a8bf18b8-98b7-45e0-9e3e-0445b6d08cd4"
time="2026-02-06T22:40:19Z" level=info msg="Deployed uma egress for a8bf18b8-98b7-45e0-9e3e-0445b6d08cd4"
time="2026-02-06T22:40:19Z" level=info msg="Ensured permissions for a8bf18b8-98b7-45e0-9e3e-0445b6d08cd4"
time="2026-02-06T22:40:19Z" level=info msg="Ensured configuration for a8bf18b8-98b7-45e0-9e3e-0445b6d08cd4"
time="2026-02-06T22:40:19Z" level=info msg="Deployed aggregator a8bf18b8-98b7-45e0-9e3e-0445b6d08cd4"
time="2026-02-06T22:40:19Z" level=info msg="Aggregator deployed successfully: AggregatorID=a8bf18b8-98b7-45e0-9e3e-0445b6d08cd4"
time="2026-02-06T22:40:19Z" level=debug msg="Removed device session for DeviceCode=9O-2mYuN_pqndnHvZ3MgWnd_imF5tusVG7WWZYcHVIs"
time="2026-02-06T22:40:19Z" level=info msg="Device code flow finished successfully for DeviceCode=9O-2mYuN_pqndnHvZ3MgWnd_imF5tusVG7WWZYcHVIs, AggregatorID=agg-0caa9177-b110-41ce-9bea-d3b650ff89a7"
